
> crane-ui@0.1.0 build
> next build --turbopack

   Ôû▓ Next.js 15.5.9 (Turbopack)

   Creating an optimized production build ...
 Ô£ô Finished writing to disk in 34ms
 Ô£ô Compiled successfully in 3.4s
   Linting and checking validity of types ...
npm : 
En línea: 1 Carácter: 1
+ npm run build 2>&1 | Tee-Object -FilePath build_output.txt; $LASTEXIT ...
+ ~~~~~~~~~~~~~~~~~~
    + CategoryInfo          : NotSpecified: (:String) [], RemoteException
    + FullyQualifiedErrorId : NativeCommandError
 
Failed to compile.

./src/app/home/[id]/AlertsPanel.tsx
37:6  Warning: React Hook useEffect has a missing dependency: 'fetchAlerts'. Either include it or remove the dependency array.  react-hooks/exhaustive-deps

./src/app/home/[id]/KPICard.tsx
2:8  Warning: 'style' is defined but never used.  @typescript-eslint/no-unused-vars

./src/app/home/[id]/MainDashboard.tsx
1:21  Warning: 'useMemo' is defined but never used.  @typescript-eslint/no-unused-vars
1:30  Warning: 'useState' is defined but never used.  @typescript-eslint/no-unused-vars
39:17  Warning: Unexpected any. Specify a different type.  @typescript-eslint/no-explicit-any

./src/app/home/[id]/statsUtils.ts
88:34  Warning: Unexpected any. Specify a different type.  @typescript-eslint/no-explicit-any

./src/app/services/EditorService.ts
35:59  Warning: Unexpected any. Specify a different type.  @typescript-eslint/no-explicit-any
87:53  Warning: Unexpected any. Specify a different type.  @typescript-eslint/no-explicit-any
113:6  Warning: Unexpected any. Specify a different type.  @typescript-eslint/no-explicit-any
132:53  Warning: Unexpected any. Specify a different type.  @typescript-eslint/no-explicit-any
136:53  Warning: Unexpected any. Specify a different type.  @typescript-eslint/no-explicit-any
140:50  Warning: Unexpected any. Specify a different type.  @typescript-eslint/no-explicit-any
191:14  Warning: Unexpected any. Specify a different type.  @typescript-eslint/no-explicit-any

./src/app/store/page.tsx
148:6  Warning: React Hook useMemo has a missing dependency: 'onHoldStoreItems'. Either include it or remove the dependency array.  
react-hooks/exhaustive-deps
184:6  Warning: React Hook useCallback has a missing dependency: 'router'. Either include it or remove the dependency array.  react-hooks/exhaustive-deps
215:13  Error: `"` can be escaped with `&quot;`, `&ldquo;`, `&#34;`, `&rdquo;`.  react/no-unescaped-entities
215:36  Error: `"` can be escaped with `&quot;`, `&ldquo;`, `&#34;`, `&rdquo;`.  react/no-unescaped-entities

./src/app/users/page.tsx
25:10  Warning: 'permissions' is assigned a value but never used.  @typescript-eslint/no-unused-vars

./src/app/users/RolePermissionTable.tsx
21:10  Warning: 'loadingPermissions' is assigned a value but never used.  @typescript-eslint/no-unused-vars

./src/components/forms/AlertForm.tsx
94:7  Warning: 'ALERT_ACTION_OPTIONS' is assigned a value but never used.  @typescript-eslint/no-unused-vars

./src/components/forms/InputText.tsx
19:19  Error: The `Function` type accepts any function-like value.
Prefer explicitly defining any function parameters and return type.  @typescript-eslint/no-unsafe-function-type
68:8  Warning: React Hook useEffect has missing dependencies: 'isValid' and 'onValidityChange'. Either include them or remove the dependency array. If 
'onValidityChange' changes too often, find the parent component that defines it and wrap that definition in useCallback.  react-hooks/exhaustive-deps
80:8  Warning: React Hook useEffect has missing dependencies: 'submitValidators' and 'value'. Either include them or remove the dependency array.  
react-hooks/exhaustive-deps

./src/components/forms/LoginForm.tsx
38:14  Warning: 'err' is defined but never used.  @typescript-eslint/no-unused-vars

./src/components/forms/SingUpForm.tsx
44:19  Warning: Unexpected any. Specify a different type.  @typescript-eslint/no-explicit-any

./src/components/laboratory/ContextMenu.tsx
2:17  Warning: 'useEffect' is defined but never used.  @typescript-eslint/no-unused-vars
2:28  Warning: 'useState' is defined but never used.  @typescript-eslint/no-unused-vars
8:10  Warning: Unexpected any. Specify a different type.  @typescript-eslint/no-explicit-any

./src/components/laboratory/editor/ConfigurationEditor.tsx
15:9  Warning: 'userId' is assigned a value but never used.  @typescript-eslint/no-unused-vars
29:42  Warning: Unexpected any. Specify a different type.  @typescript-eslint/no-explicit-any

./src/components/laboratory/editor/EditorBase.tsx
15:17  Warning: Unexpected any. Specify a different type.  @typescript-eslint/no-explicit-any
16:36  Warning: Unexpected any. Specify a different type.  @typescript-eslint/no-explicit-any
17:20  Warning: Unexpected any. Specify a different type.  @typescript-eslint/no-explicit-any
18:11  Warning: Unexpected any. Specify a different type.  @typescript-eslint/no-explicit-any
19:11  Warning: Unexpected any. Specify a different type.  @typescript-eslint/no-explicit-any
20:17  Warning: Unexpected any. Specify a different type.  @typescript-eslint/no-explicit-any
104:35  Warning: Unexpected any. Specify a different type.  @typescript-eslint/no-explicit-any

./src/components/laboratory/editor/SideBar.tsx
8:42  Warning: Unexpected any. Specify a different type.  @typescript-eslint/no-explicit-any
22:17  Warning: Unexpected any. Specify a different type.  @typescript-eslint/no-explicit-any
23:36  Warning: Unexpected any. Specify a different type.  @typescript-eslint/no-explicit-any
24:11  Warning: Unexpected any. Specify a different type.  @typescript-eslint/no-explicit-any
25:11  Warning: Unexpected any. Specify a different type.  @typescript-eslint/no-explicit-any
26:17  Warning: Unexpected any. Specify a different type.  @typescript-eslint/no-explicit-any

./src/components/laboratory/FlowChart.tsx
61:25  Warning: Unexpected any. Specify a different type.  @typescript-eslint/no-explicit-any
82:6  Warning: React Hook useCallback has a missing dependency: 'onEdgesChange'. Either include it or remove the dependency array.  
react-hooks/exhaustive-deps
94:27  Warning: Unexpected any. Specify a different type.  @typescript-eslint/no-explicit-any

./src/components/laboratory/nodes/app/App.tsx
3:39  Warning: Unexpected any. Specify a different type.  @typescript-eslint/no-explicit-any

./src/components/laboratory/nodes/app/Editor.tsx
12:10  Warning: Unexpected any. Specify a different type.  @typescript-eslint/no-explicit-any
13:10  Warning: Unexpected any. Specify a different type.  @typescript-eslint/no-explicit-any
14:17  Warning: Unexpected any. Specify a different type.  @typescript-eslint/no-explicit-any

./src/components/laboratory/nodes/app/Form.tsx
49:10  Warning: Unexpected any. Specify a different type.  @typescript-eslint/no-explicit-any
50:10  Warning: Unexpected any. Specify a different type.  @typescript-eslint/no-explicit-any
51:17  Warning: Unexpected any. Specify a different type.  @typescript-eslint/no-explicit-any
55:62  Warning: Unexpected any. Specify a different type.  @typescript-eslint/no-explicit-any
64:6  Warning: React Hook useEffect has a missing dependency: 'formObj'. Either include it or remove the dependency array.  react-hooks/exhaustive-deps
123:46  Warning: Unexpected any. Specify a different type.  @typescript-eslint/no-explicit-any

./src/components/laboratory/nodes/app/InstanceControls.tsx
32:101  Warning: Unexpected any. Specify a different type.  @typescript-eslint/no-explicit-any
35:101  Warning: Unexpected any. Specify a different type.  @typescript-eslint/no-explicit-any

./src/components/laboratory/nodes/network/Editor.tsx
5:9  Warning: Unexpected any. Specify a different type.  @typescript-eslint/no-explicit-any
6:17  Warning: Unexpected any. Specify a different type.  @typescript-eslint/no-explicit-any

./src/components/laboratory/nodes/network/Network.tsx
5:33  Warning: 'id' is defined but never used.  @typescript-eslint/no-unused-vars
5:39  Warning: Unexpected any. Specify a different type.  @typescript-eslint/no-explicit-any

./src/components/laboratory/nodes/service/DockerHubSelector.tsx
14:42  Warning: Unexpected any. Specify a different type.  @typescript-eslint/no-explicit-any

./src/components/laboratory/nodes/service/Editor.tsx
15:9  Warning: Unexpected any. Specify a different type.  @typescript-eslint/no-explicit-any
16:10  Warning: Unexpected any. Specify a different type.  @typescript-eslint/no-explicit-any
17:10  Warning: Unexpected any. Specify a different type.  @typescript-eslint/no-explicit-any
18:17  Warning: Unexpected any. Specify a different type.  @typescript-eslint/no-explicit-any
19:17  Warning: Unexpected any. Specify a different type.  @typescript-eslint/no-explicit-any
31:39  Warning: Unexpected any. Specify a different type.  @typescript-eslint/no-explicit-any
149:46  Warning: Unexpected any. Specify a different type.  @typescript-eslint/no-explicit-any
170:44  Warning: Unexpected any. Specify a different type.  @typescript-eslint/no-explicit-any

./src/components/laboratory/nodes/service/Service.tsx
3:35  Warning: Unexpected any. Specify a different type.  @typescript-eslint/no-explicit-any

./src/components/laboratory/nodes/volume/Editor.tsx
4:66  Warning: Unexpected any. Specify a different type.  @typescript-eslint/no-explicit-any
4:85  Warning: Unexpected any. Specify a different type.  @typescript-eslint/no-explicit-any

./src/components/laboratory/nodes/volume/Form.tsx
10:9  Warning: Unexpected any. Specify a different type.  @typescript-eslint/no-explicit-any
11:17  Warning: Unexpected any. Specify a different type.  @typescript-eslint/no-explicit-any
25:6  Warning: React Hook useEffect has a missing dependency: 'getInitialState'. Either include it or remove the dependency array.  
react-hooks/exhaustive-deps
35:6  Warning: React Hook useEffect has a missing dependency: 'onChange'. Either include it or remove the dependency array. If 'onChange' changes too often, 
find the parent component that defines it and wrap that definition in useCallback.  react-hooks/exhaustive-deps

./src/components/laboratory/nodes/volume/Volume.tsx
6:34  Warning: Unexpected any. Specify a different type.  @typescript-eslint/no-explicit-any

./src/components/layout/RequirePermission.tsx
17:35  Warning: 'permissions' is assigned a value but never used.  @typescript-eslint/no-unused-vars

./src/components/ui/DeleteModal.tsx
8:16  Error: The `Function` type accepts any function-like value.
Prefer explicitly defining any function parameters and return type.  @typescript-eslint/no-unsafe-function-type

./src/components/ui/MainChart.tsx
24:28  Warning: 'activeKey' is defined but never used.  @typescript-eslint/no-unused-vars
29:17  Warning: Unexpected any. Specify a different type.  @typescript-eslint/no-explicit-any

./src/components/ui/MiniChart.tsx
13:3  Warning: 'CartesianGrid' is defined but never used.  @typescript-eslint/no-unused-vars

./src/components/ui/TemplateItem.tsx
2:10  Warning: 'Layers' is defined but never used.  @typescript-eslint/no-unused-vars
2:18  Warning: 'Database' is defined but never used.  @typescript-eslint/no-unused-vars
2:28  Warning: 'Boxes' is defined but never used.  @typescript-eslint/no-unused-vars

./src/lib/api/alertService.ts
9:43  Warning: Unexpected any. Specify a different type.  @typescript-eslint/no-explicit-any
14:60  Warning: Unexpected any. Specify a different type.  @typescript-eslint/no-explicit-any

./src/lib/api/dockerHubService.ts
11:18  Warning: Unexpected any. Specify a different type.  @typescript-eslint/no-explicit-any

./src/lib/helper/DockerDefaults.ts
3:45  Warning: Unexpected any. Specify a different type.  @typescript-eslint/no-explicit-any

./src/lib/utils/startupScriptUtils.ts
72:87  Warning: Unexpected any. Specify a different type.  @typescript-eslint/no-explicit-any

info  - Need to disable some ESLint rules? Learn more here: https://nextjs.org/docs/app/api-reference/config/eslint#disabling-rules
